// Jest Snapshot v1, https://goo.gl/fbAQLP

exports[`Main form should render correctly 1`] = `
<div
  className="form"
>
  <Connect(Modal) />
  <form
    className="form__container"
  >
    <div
      className="form__section"
    >
      <h1>
        <strong>
          Hello!
        </strong>
        <br />
        Where Would You Like To Search For A Property?
      </h1>
      <Connect(Input)
        errorMessage="Please enter a street address"
        label="streetAddress"
        name="Street Address"
        type="text"
      />
      <Connect(Input)
        errorMessage="Please enter a city name"
        label="city"
        name="City"
        type="text"
      />
      <Connect(Select) />
      <Connect(Input)
        errorMessage="Please enter a valid 5 digit zip code"
        label="zipCode"
        name="Zip Code"
        type="text"
      />
    </div>
    <div
      className="form__section"
    >
      <div>
        * All fields are required
      </div>
      <button
        className="form__button"
        onClick={[Function]}
        type="submit"
      >
        Submit
      </button>
    </div>
  </form>
</div>
`;
